// Jest Snapshot v1, https://goo.gl/fbAQLP

exports[`input render test render correctly 1`] = `
<DocumentFragment>
  <input
    class="input input-middle input-pure"
    placeholder="请输入"
    value=""
  />
</DocumentFragment>
`;
